"cl2_10m-rfile"
"Iteration" "cl2_10m"
("Iteration" "cl2_10m")
1 2.17134893318871e-05
2 4.329624425736256e-05
3 4.795969653059728e-05
4 3.726705472217873e-05
5 3.173775621689856e-05
6 3.035583722521551e-05
7 2.828062133630738e-05
8 2.472233427397441e-05
9 1.940360925800633e-05
10 2.405145642114803e-05
11 2.176470479753334e-05
12 2.201946153945755e-05
13 2.197970752604306e-05
14 2.116708310495596e-05
15 2.048827445833012e-05
16 1.982495996344369e-05
17 1.963089380296879e-05
18 1.932106715685222e-05
19 1.893556327559054e-05
20 1.921596594911534e-05
21 1.953747778316028e-05
22 1.759380211296957e-05
23 1.782316940079909e-05
24 1.938784043886699e-05
25 2.119909549946897e-05
26 2.310458876308985e-05
27 2.689273060241248e-05
28 2.702953679545317e-05
29 2.523857256164774e-05
30 2.452606531733181e-05
31 2.436807881167624e-05
32 2.380091973464005e-05
33 2.293547731824219e-05
34 2.034090721281245e-05
35 1.986112874874379e-05
36 1.963730028364807e-05
37 1.893899752758443e-05
38 1.956241067091469e-05
39 2.019238490902353e-05
40 2.057318124570884e-05
41 2.211540777352639e-05
42 2.08982419280801e-05
43 2.104749000864103e-05
44 2.221007343905512e-05
45 2.29050092457328e-05
46 2.384077561146114e-05
47 2.421781391603872e-05
48 2.352121009607799e-05
49 2.415375638520345e-05
50 2.426649189146701e-05
51 2.622893953230232e-05
52 2.621565181470942e-05
53 2.677884367585648e-05
54 2.678130840649828e-05
55 2.642688741616439e-05
56 2.647275869094301e-05
57 2.627924732223619e-05
58 2.645971653691959e-05
59 2.586672053439543e-05
60 2.512174796720501e-05
61 2.540438435971737e-05
62 2.598931678221561e-05
63 2.643449442985002e-05
64 2.632659197843168e-05
65 2.617748759803362e-05
66 2.51725814450765e-05
67 2.501171911717393e-05
68 2.541439243941568e-05
69 2.596018930489663e-05
70 2.598881474114023e-05
71 2.560312168498058e-05
72 2.518078508728649e-05
73 2.542998845456168e-05
74 2.510727063054219e-05
75 2.490693259460386e-05
76 2.475321889505722e-05
77 2.528034201532137e-05
78 2.543495793361217e-05
79 2.559175845817663e-05
80 2.553836020524614e-05
81 2.54087608482223e-05
82 2.597019920358434e-05
83 2.514777770556975e-05
84 2.487873643985949e-05
85 2.506949385860935e-05
86 2.546294490457512e-05
87 2.494839827704709e-05
88 2.497786772437394e-05
89 2.464724639139604e-05
90 2.467189187882468e-05
91 2.502579081919976e-05
92 2.487622077751439e-05
93 2.493527972546872e-05
94 2.502741153875832e-05
95 2.489113830961287e-05
96 2.38821030507097e-05
97 2.366696935496293e-05
98 2.331869109184481e-05
99 2.314725861651823e-05
100 2.241469155706e-05
101 2.244528332084883e-05
102 2.217829933215398e-05
103 2.261328154418152e-05
104 2.220874193881173e-05
105 2.238639535789844e-05
106 2.172540735045914e-05
107 2.176881935156416e-05
108 2.140146170859225e-05
109 2.111228241119534e-05
110 2.098498589475639e-05
111 2.098442018905189e-05
112 2.059545840893406e-05
113 2.015834616031498e-05
114 2.05754677153891e-05
115 2.132189547410235e-05
116 2.161846532544587e-05
117 2.191336170653813e-05
118 2.182415119023062e-05
119 2.218904410256073e-05
120 2.235344982182141e-05
121 2.222957482445054e-05
122 2.221969225502107e-05
123 2.231693542853463e-05
124 2.191704879805911e-05
125 2.208071418863256e-05
126 2.159809082513675e-05
127 2.174365727114491e-05
128 2.198543370468542e-05
129 2.189395308960229e-05
130 2.217383735114709e-05
131 2.190453960793093e-05
132 2.226538708782755e-05
133 2.232318547612522e-05
134 2.194214357587043e-05
135 2.113479058607481e-05
136 2.034226054092869e-05
137 2.102549660776276e-05
138 2.035769648500718e-05
139 2.00816648430191e-05
140 2.026123365794774e-05
141 2.087332904920913e-05
142 2.064648288069293e-05
143 2.080171907437034e-05
144 2.064666296064388e-05
145 2.092513386742212e-05
146 2.11706392292399e-05
147 2.210926868428942e-05
148 2.231683174613863e-05
149 2.270044933538884e-05
150 2.302445500390604e-05
151 2.30439782171743e-05
152 2.299582592968363e-05
153 2.3019609216135e-05
154 2.374068208155222e-05
155 2.364972897339612e-05
156 2.366561056987848e-05
157 2.383307946729474e-05
158 2.396580566710327e-05
159 2.403937469352968e-05
160 2.402689824521076e-05
161 2.45252376771532e-05
162 2.469472019583918e-05
163 2.514199150027707e-05
164 2.554863021941856e-05
165 2.600661537144333e-05
166 2.652640250744298e-05
167 2.680006582522765e-05
168 2.698823118407745e-05
169 2.695637886063196e-05
170 2.690347537281923e-05
171 2.683083766896743e-05
172 2.666060390765779e-05
173 2.655918615346309e-05
174 2.659152596606873e-05
175 2.653003866726067e-05
176 2.648785630299244e-05
177 2.638772093632724e-05
178 2.626032983243931e-05
179 2.621163548610639e-05
180 2.614735785755329e-05
181 2.61185359704541e-05
182 2.608272370707709e-05
183 2.604112705739681e-05
184 2.605751615192275e-05
185 2.606140333227813e-05
186 2.601861888251733e-05
187 2.599141043901909e-05
188 2.59546359302476e-05
189 2.594637044239789e-05
190 2.593768476799596e-05
191 2.593461613287218e-05
192 2.592796226963401e-05
193 2.592280907265376e-05
194 2.592022428871132e-05
195 2.592187593108974e-05
196 2.592112650745548e-05
197 2.592289820313454e-05
198 2.592976670712233e-05
199 2.59360112977447e-05
200 2.593916178739164e-05
201 2.594298166513909e-05
202 2.593964745756239e-05
203 2.59389344137162e-05
204 2.593457065813709e-05
205 2.59303706116043e-05
206 2.592469900264405e-05
207 2.592281816760078e-05
208 2.592099735920783e-05
209 2.592122837086208e-05
210 2.591838165244553e-05
211 2.591901102277916e-05
212 2.591611701063812e-05
213 2.591652810224332e-05
214 2.591183874756098e-05
215 2.591085467429366e-05
216 2.590602161944844e-05
217 2.590555595816113e-05
218 2.590048643469345e-05
219 2.590066287666559e-05
220 2.589553150755819e-05
221 2.589649920992088e-05
222 2.589128962426912e-05
223 2.589335417724214e-05
224 2.588800452940632e-05
225 2.589198629721068e-05
226 2.588647657830734e-05
227 2.589125870144926e-05
228 2.5884351998684e-05
229 2.58897416642867e-05
230 2.588201277831104e-05
231 2.588747702247929e-05
232 2.588015922810882e-05
233 2.588559800642543e-05
234 2.587837661849335e-05
235 2.58847139775753e-05
236 2.587769995443523e-05
237 2.588356983324047e-05
238 2.587678136478644e-05
239 2.587957351352088e-05
240 2.587862945802044e-05
241 2.587840572232381e-05
242 2.587749440863263e-05
243 2.587788367236499e-05
244 2.587721246527508e-05
245 2.587765266071074e-05
246 2.587700873846188e-05
247 2.587745620985515e-05
248 2.587692142697051e-05
249 2.587737981230021e-05
250 2.587689596111886e-05
251 2.587736889836378e-05
252 2.587687049526721e-05
253 2.587739072623663e-05
254 2.587683775345795e-05
