"cl2_60m-rfile"
"Iteration" "cl2_60m"
("Iteration" "cl2_60m")
1 1.338098445557989e-05
2 3.101394395343959e-05
3 3.721763278008439e-05
4 3.083223055000417e-05
5 2.884125751734246e-05
6 2.653117553563789e-05
7 2.375910116825253e-05
8 2.091529677272774e-05
9 1.656518361414783e-05
10 1.990841337828897e-05
11 1.653651634114794e-05
12 1.726895061437972e-05
13 1.697168045211583e-05
14 1.639989932300523e-05
15 1.58599614223931e-05
16 1.529061592009384e-05
17 1.51428012031829e-05
18 1.484290442022029e-05
19 1.448165767214959e-05
20 1.462666750740027e-05
21 1.467477522965055e-05
22 1.294297453569015e-05
23 1.296810296480544e-05
24 1.38994673761772e-05
25 1.493074341851752e-05
26 1.6061721908045e-05
27 1.846489612944424e-05
28 1.79324924829416e-05
29 1.632744169910438e-05
30 1.549246917420533e-05
31 1.509076082584215e-05
32 1.445536872779485e-05
33 1.365072967018932e-05
34 1.173200325865764e-05
35 1.130131386162248e-05
36 1.103539761970751e-05
37 1.04848531918833e-05
38 1.096856431104243e-05
39 1.131841236201581e-05
40 1.145694568549516e-05
41 1.239254288520897e-05
42 1.139815503847785e-05
43 1.145010628533782e-05
44 1.205606531584635e-05
45 1.242510643351125e-05
46 1.297038033953868e-05
47 1.315200097451452e-05
48 1.264631100639235e-05
49 1.314958353759721e-05
50 1.324083314102609e-05
51 1.4612368431699e-05
52 1.464695742470212e-05
53 1.48202343552839e-05
54 1.503696057625348e-05
55 1.489854003011715e-05
56 1.507275192125235e-05
57 1.500977032264927e-05
58 1.524725576018682e-05
59 1.490858812758233e-05
60 1.455026358598843e-05
61 1.492189767304808e-05
62 1.543102007417474e-05
63 1.586060898262076e-05
64 1.589901148690842e-05
65 1.594613968336489e-05
66 1.540481207484845e-05
67 1.552281537442468e-05
68 1.592363150848541e-05
69 1.645314114284702e-05
70 1.645796146476641e-05
71 1.625294862606097e-05
72 1.620040711713955e-05
73 1.652149876463227e-05
74 1.632979910937138e-05
75 1.62840533448616e-05
76 1.624853030079976e-05
77 1.681600951997098e-05
78 1.7084725186578e-05
79 1.731804695737083e-05
80 1.737894854159094e-05
81 1.734059333102778e-05
82 1.78244044946041e-05
83 1.732072996674106e-05
84 1.709068601485342e-05
85 1.728747520246543e-05
86 1.768303263816051e-05
87 1.744334804243408e-05
88 1.753548349370249e-05
89 1.723060995573178e-05
90 1.72741711139679e-05
91 1.774663360265549e-05
92 1.771651113813277e-05
93 1.795433308870997e-05
94 1.825454091886058e-05
95 1.815169162000529e-05
96 1.756146230036393e-05
97 1.736824560794048e-05
98 1.71667015820276e-05
99 1.709620300971437e-05
100 1.676275496720336e-05
101 1.692843579803593e-05
102 1.667430478846654e-05
103 1.722063279885333e-05
104 1.713875826681033e-05
105 1.718034036457539e-05
106 1.691279612714425e-05
107 1.689484452072065e-05
108 1.666718708293047e-05
109 1.66525333042955e-05
110 1.646596138016321e-05
111 1.645958400331438e-05
112 1.623091338842642e-05
113 1.585252903169021e-05
114 1.602065822225995e-05
115 1.639784932194743e-05
116 1.64533375937026e-05
117 1.637998502701521e-05
118 1.622023046365939e-05
119 1.62204378284514e-05
120 1.624621290829964e-05
121 1.613294443814084e-05
122 1.605339457455557e-05
123 1.599254756001756e-05
124 1.577377042849548e-05
125 1.579434683662839e-05
126 1.547396277601365e-05
127 1.54630106408149e-05
128 1.551442983327433e-05
129 1.532068199594505e-05
130 1.531410453026183e-05
131 1.484351196268108e-05
132 1.474688906455413e-05
133 1.440911000827327e-05
134 1.362766670354176e-05
135 1.25831847981317e-05
136 1.158365739684086e-05
137 1.149156378232874e-05
138 1.060938120645005e-05
139 1.004925161396386e-05
140 9.864719686447643e-06
141 9.804961337067652e-06
142 9.463084097660612e-06
143 9.285678061132785e-06
144 9.121451512328349e-06
145 9.36262404138688e-06
146 9.477404091740027e-06
147 9.904180842568167e-06
148 9.855612006504089e-06
149 9.837423931458034e-06
150 9.83011705102399e-06
151 9.666544428910129e-06
152 9.541943654767238e-06
153 9.484794645686634e-06
154 9.827159374253824e-06
155 9.618466719985008e-06
156 9.551020411890931e-06
157 9.609671906218864e-06
158 9.619886441214476e-06
159 9.596765266906004e-06
160 9.529874660074711e-06
161 9.783472705748864e-06
162 9.812729331315495e-06
163 9.960425813915208e-06
164 1.011400399875129e-05
165 1.030617022479419e-05
166 1.052237894327845e-05
167 1.060131944541354e-05
168 1.065886135620531e-05
169 1.060439717548434e-05
170 1.054477979778312e-05
171 1.046652323566377e-05
172 1.032805812428705e-05
173 1.023250842990819e-05
174 1.02159428934101e-05
175 1.012820939649828e-05
176 1.007968785415869e-05
177 9.989819773181807e-06
178 9.896415576804429e-06
179 9.840121492743492e-06
180 9.779375432117376e-06
181 9.742063411977142e-06
182 9.698971553007141e-06
183 9.663409400673117e-06
184 9.666175174061209e-06
185 9.654970199335366e-06
186 9.609435437596403e-06
187 9.565415894030593e-06
188 9.502201464783866e-06
189 9.454966857447289e-06
190 9.403152034792583e-06
191 9.357732778880745e-06
192 9.314131602877751e-06
193 9.276120181311853e-06
194 9.241648513125256e-06
195 9.215935278916731e-06
196 9.194516678689979e-06
197 9.176789717457723e-06
198 9.154045983450487e-06
199 9.125129508902319e-06
200 9.089464583666995e-06
201 9.05214710655855e-06
202 9.012002919916995e-06
203 8.976463504950516e-06
204 8.942468411987647e-06
205 8.914580575947184e-06
206 8.891756806406192e-06
207 8.876179890648928e-06
208 8.865664312907029e-06
209 8.858822184265591e-06
210 8.853954568621702e-06
211 8.851285201671999e-06
212 8.84725886862725e-06
213 8.843427167448681e-06
214 8.836510460241698e-06
215 8.829674698063172e-06
216 8.822033123578876e-06
217 8.816159606794827e-06
218 8.810216968413442e-06
219 8.806669939076528e-06
220 8.803111995803192e-06
221 8.801924195722677e-06
222 8.800137948128395e-06
223 8.800376235740259e-06
224 8.79958133737091e-06
225 8.800805517239496e-06
226 8.800306204648223e-06
227 8.801346666587051e-06
228 8.800437171885278e-06
229 8.801394869806245e-06
230 8.800254363450222e-06
231 8.80112565937452e-06
232 8.799941497272812e-06
233 8.800732757663354e-06
234 8.79953040566761e-06
235 8.800727300695144e-06
236 8.799519491731189e-06
237 8.800357136351522e-06
238 8.79923754837364e-06
239 8.799829629424494e-06
240 8.799393071967643e-06
241 8.799202987574972e-06
242 8.798973794910125e-06
243 8.799070201348513e-06
244 8.798877388471738e-06
245 8.798962880973704e-06
246 8.79881190485321e-06
247 8.79893013916444e-06
248 8.79880190041149e-06
249 8.798929229669739e-06
250 8.798806447884999e-06
251 8.79894560057437e-06
252 8.798812814347912e-06
253 8.798964699963108e-06
254 8.79881736182142e-06
