"cl2_30m-rfile"
"Iteration" "cl2_30m"
("Iteration" "cl2_30m")
1 1.742388121783733e-05
2 3.705274502863176e-05
3 4.299112697481178e-05
4 3.31101291521918e-05
5 2.875800419133157e-05
6 2.730347841861658e-05
7 2.514679363230243e-05
8 2.182661592087243e-05
9 1.720622094580904e-05
10 2.157258677470963e-05
11 1.902881740534212e-05
12 1.959116707439534e-05
13 1.945199619513005e-05
14 1.876832175184973e-05
15 1.823471575335134e-05
16 1.755196171870921e-05
17 1.731672455207445e-05
18 1.685543429630343e-05
19 1.638525100133847e-05
20 1.65025358001003e-05
21 1.65735291375313e-05
22 1.452349533792585e-05
23 1.474568853154778e-05
24 1.581280412210617e-05
25 1.716740007395856e-05
26 1.852052446338348e-05
27 2.149289139197208e-05
28 2.093282819259912e-05
29 1.92164043255616e-05
30 1.842051824496593e-05
31 1.81144023372326e-05
32 1.750120645738207e-05
33 1.66370391525561e-05
34 1.442644315829966e-05
35 1.40816282510059e-05
36 1.385685573040973e-05
37 1.328472717432305e-05
38 1.388272266922286e-05
39 1.438331310055219e-05
40 1.462555701436941e-05
41 1.584608253324404e-05
42 1.473850079491967e-05
43 1.48846165757277e-05
44 1.56856458488619e-05
45 1.623687785468064e-05
46 1.692182922852226e-05
47 1.71834763023071e-05
48 1.656359745538794e-05
49 1.712587800284382e-05
50 1.724201865727082e-05
51 1.885242454591207e-05
52 1.894353954412509e-05
53 1.888930091809016e-05
54 1.938838795467746e-05
55 1.914568019856233e-05
56 1.925577635120135e-05
57 1.912592051667161e-05
58 1.933442399604246e-05
59 1.888874976430088e-05
60 1.834510112530552e-05
61 1.865667582023889e-05
62 1.922904266393743e-05
63 1.966775016626343e-05
64 1.961856105481274e-05
65 1.959419205377344e-05
66 1.887473990791477e-05
67 1.894618981168605e-05
68 1.92962797882501e-05
69 1.985218659683596e-05
70 1.971196979866363e-05
71 1.943349707289599e-05
72 1.939479989232495e-05
73 1.969703589566052e-05
74 1.937767592607997e-05
75 1.92888928722823e-05
76 1.922409501275979e-05
77 1.995210186578333e-05
78 2.024200875894167e-05
79 2.046633380814455e-05
80 2.050806688203011e-05
81 2.045853580057155e-05
82 2.100288475048728e-05
83 2.044529719569255e-05
84 2.006842623814009e-05
85 2.038571983575821e-05
86 2.087068969558459e-05
87 2.059959297184832e-05
88 2.065096668957267e-05
89 2.024506102316082e-05
90 2.028863673331216e-05
91 2.091188616759609e-05
92 2.075391421385575e-05
93 2.109335946443025e-05
94 2.138672243745532e-05
95 2.11936257983325e-05
96 2.055254844890442e-05
97 2.02435130631784e-05
98 2.003158624575008e-05
99 1.997569961531553e-05
100 1.955508741957601e-05
101 1.966794297914021e-05
102 1.93873856915161e-05
103 1.99899932340486e-05
104 1.989112206501886e-05
105 1.991019053093623e-05
106 1.960932422662154e-05
107 1.957466520252638e-05
108 1.936082662723493e-05
109 1.925918331835419e-05
110 1.912891275424045e-05
111 1.912405059556477e-05
112 1.883806908153929e-05
113 1.837610761867836e-05
114 1.856256130849943e-05
115 1.905176395666786e-05
116 1.924119715113193e-05
117 1.920729846460745e-05
118 1.890688508865424e-05
119 1.895930472528562e-05
120 1.902703843370546e-05
121 1.880535637610592e-05
122 1.874406734714285e-05
123 1.867495302576572e-05
124 1.829415850806981e-05
125 1.831298141041771e-05
126 1.77775691554416e-05
127 1.765974775480572e-05
128 1.754504046402872e-05
129 1.683032314758748e-05
130 1.652031642151996e-05
131 1.525168590887915e-05
132 1.485133179812692e-05
133 1.41020964292693e-05
134 1.28463525470579e-05
135 1.17354165922734e-05
136 1.085885378415696e-05
137 1.107389743992826e-05
138 1.030451221595285e-05
139 9.894636605167761e-06
140 9.919398507918231e-06
141 1.028651058732066e-05
142 1.021148818836082e-05
143 1.028561564453412e-05
144 1.00468096206896e-05
145 1.007810988085112e-05
146 1.003967372525949e-05
147 1.046426223183516e-05
148 1.042432268150151e-05
149 1.05525687104091e-05
150 1.070703183359001e-05
151 1.070453981810715e-05
152 1.069658719643485e-05
153 1.076434182323283e-05
154 1.129677457356593e-05
155 1.124644859373802e-05
156 1.126935148931807e-05
157 1.143953159044031e-05
158 1.159147814178141e-05
159 1.16906367111369e-05
160 1.171875283034751e-05
161 1.208449702971848e-05
162 1.22179881145712e-05
163 1.249119941348908e-05
164 1.274654277949594e-05
165 1.302140026382403e-05
166 1.333061663899571e-05
167 1.349252124782652e-05
168 1.358863755740458e-05
169 1.355434505967423e-05
170 1.352948675048538e-05
171 1.351017453998793e-05
172 1.34270021590055e-05
173 1.338200581812998e-05
174 1.343683834420517e-05
175 1.340549897577148e-05
176 1.338887705060188e-05
177 1.332953252131119e-05
178 1.326425535808085e-05
179 1.324482855125098e-05
180 1.32171371660661e-05
181 1.320311366725946e-05
182 1.318382419412956e-05
183 1.315950157732004e-05
184 1.317688293056563e-05
185 1.317942223977298e-05
186 1.314827477472136e-05
187 1.31303950183792e-05
188 1.311137566517573e-05
189 1.310896095674252e-05
190 1.310526749875862e-05
191 1.310295101575321e-05
192 1.309820800088346e-05
193 1.309464460064191e-05
194 1.309390154347057e-05
195 1.309518393100007e-05
196 1.309483741351869e-05
197 1.309553499595495e-05
198 1.309986510023009e-05
199 1.310337756876834e-05
200 1.310498282691697e-05
201 1.310642073804047e-05
202 1.310390325670596e-05
203 1.310313746216707e-05
204 1.310096740780864e-05
205 1.309817980654771e-05
206 1.309554681938607e-05
207 1.309461367782205e-05
208 1.309484650846571e-05
209 1.309494018641999e-05
210 1.309392246184871e-05
211 1.309395247517386e-05
212 1.309293475060258e-05
213 1.309275467065163e-05
214 1.309062463406008e-05
215 1.308952505496563e-05
216 1.308763239649124e-05
217 1.308697028434835e-05
218 1.308514038100839e-05
219 1.308465562033234e-05
220 1.308285754930694e-05
221 1.308266837440897e-05
222 1.308100036112592e-05
223 1.308118135057157e-05
224 1.307966431340901e-05
225 1.308067294303328e-05
226 1.307933052885346e-05
227 1.308024820900755e-05
228 1.307836555497488e-05
229 1.30793505377369e-05
230 1.307728780375328e-05
231 1.307832826569211e-05
232 1.307641105086077e-05
233 1.307744059886318e-05
234 1.307557067775633e-05
235 1.307720231125131e-05
236 1.307541697315173e-05
237 1.307663842453621e-05
238 1.30749413074227e-05
239 1.307577258558013e-05
240 1.30752459881478e-05
241 1.307499678659951e-05
242 1.3074577509542e-05
243 1.307470301981084e-05
244 1.307446018472547e-05
245 1.307457387156319e-05
246 1.307433831243543e-05
247 1.307448928855592e-05
248 1.307429556618445e-05
249 1.30744783746195e-05
250 1.307428010477452e-05
251 1.307449292653473e-05
252 1.307426646235399e-05
253 1.307451384491287e-05
254 1.307425009144936e-05
