"net_mass_flow-rfile"
"Iteration" "net_mass_flow"
("Iteration" "net_mass_flow")
1 0.05487933369023779
2 -0.0006599170246772701
3 -0.001950705776181394
4 -0.002296671085957769
5 -0.004901918051686494
6 -0.007704684972196674
7 -0.006228927284411157
8 -0.006743202439849938
9 -0.01079292236762797
10 -0.01221764820039084
11 -0.008582961116218257
12 -0.006151838999088
13 -0.007862624639088267
14 -0.00665904754104929
15 -0.002963721559311239
16 -0.0007989885048260703
17 -0.004543279150553303
18 -0.004054091858549214
19 -0.005698576708482506
20 -0.002640733503000092
21 -0.001699113070529279
22 -0.0003206924731387062
23 -0.0005371631055766102
24 -0.002567763629585329
25 -0.002848269561511074
26 -0.002582187986504891
27 -0.0008235938689153954
28 -0.002690924522781302
29 -0.003212980037247348
30 -0.001351012699416287
31 -0.0002338663205563307
32 -0.002915449572569173
33 -0.002610518396750194
34 0.000355635294212675
35 -0.003364827338813825
36 -3.743450479021249e-05
37 -0.00193371653858776
38 -0.0008496325463198673
39 -0.001114811836657736
40 -0.001821538288083957
41 -0.001446836849211763
42 -0.001956951539028751
43 -0.00209801143668642
44 -0.002792623208137002
45 -0.002589969000268866
46 -0.001611890646913139
47 -0.002606597141351585
48 -0.004229863994993366
49 -0.002304198414577741
50 -0.00228306537448475
51 -0.002454045414609141
52 -0.001990988626616286
53 -0.002273676655974555
54 -0.002314572076670629
55 -0.001960745693168064
56 -0.001319656882643017
57 -0.002380536056833193
58 -0.002117040833496731
59 -0.001361994610945771
60 -0.001466951240814751
61 -0.00140987189514874
62 -0.003910684198430658
63 -0.0008090121983883591
64 -0.003614592491956614
65 -0.00233877809749572
66 -0.0008158115214769168
67 -0.0002658697741821925
68 -0.0002738375835065199
69 -0.004055053397351571
70 -0.009254879032994268
71 -0.001130344332892719
72 -0.001260657759132755
73 -0.002594160391268474
74 -0.00196775848101538
75 -0.001549963124944043
76 -0.002606360043486688
77 -0.0030967994970581
78 -0.003312545057738703
79 -0.00311379807413914
80 -0.000490843531849805
81 0.00136953700405229
82 -0.003180046134232839
83 -0.001224117656065005
84 0.0006612958683405168
85 -0.00167541242609559
86 -0.003694963077876423
87 -0.001681077942450315
88 -0.003130676765181306
89 0.0001168526086843258
90 -0.0001273409732789332
91 -0.001230558741013965
92 -0.002854899398371913
93 -0.0004382882846272196
94 -0.002647773535144893
95 -0.003876796058648324
96 0.001774853867587467
97 -0.001083011717511795
98 -0.0006886282804146049
99 -0.001455512658978364
100 0.0002258716506844394
101 -0.0008987277627028334
102 -0.0006979633904364846
103 -0.002970288533035159
104 -0.0003822887337179282
105 -0.0001088147784713556
106 0.001670022178643649
107 0.001943799891506615
108 0.0006432187748259821
109 0.000151198937743402
110 -0.0002028101745139566
111 0.0004270158961787729
112 -8.215067097694373e-06
113 0.0005139058772272165
114 0.0006665013316649038
115 -0.002567870296957153
116 -0.0008045984511539928
117 0.001082917003998318
118 9.022888143306318e-05
119 5.707589744474717e-05
120 0.00105584591254626
121 0.002643326077929942
122 0.002146926860945086
123 0.002602369168172913
124 0.001643095723920851
125 -0.001717923703679958
126 0.006032510114309275
127 0.003728439252029148
128 0.003697481779283862
129 0.004833047144700231
130 0.002168338193868635
131 0.00679248988004133
132 0.002077726883896958
133 0.007142243680661409
134 0.007941150901643823
135 0.009797399706755527
136 0.01496179954064303
137 0.008744391078508329
138 0.01129730972880338
139 0.008534474155752036
140 0.008408393947092918
141 0.007979777633565277
142 0.01135462510642071
143 0.01002460098645486
144 0.01022135906609378
145 0.009856210083469819
146 0.007617857871196065
147 0.002590529588928803
148 0.007062271252536334
149 0.006288843209773631
150 0.00517847322828402
151 0.009376918398416478
152 0.01283031290448378
153 0.01317577353589172
154 0.006093024405203096
155 0.01421288197302317
156 0.01578803489553593
157 0.01186191315480301
158 0.01329039736474158
159 0.01411291514402535
160 0.01791583713324485
161 0.008913471210760804
162 0.01121185082125464
163 0.008119780138926558
164 0.003425195192349406
165 -0.0006799864741822148
166 -0.006601124008895454
167 -0.008752375929446998
168 -0.01069265871313974
169 -0.008183661811656862
170 -0.008022027991671621
171 -0.006348366138496431
172 -0.004614219299114097
173 -0.003595149233021289
174 -0.006323250457271001
175 -0.004374052747323276
176 -0.004368008698804715
177 -0.002480268416888975
178 -0.001840259518587573
179 -0.002007261999096954
180 -0.001464240287006646
181 -0.001222112428791888
182 -0.001345016771537644
183 -0.0005956218328151408
184 -0.001222094225624915
185 -0.001288512302764389
186 -0.0005766490329079943
187 -0.0003641591289635926
188 -0.0002112550574366878
189 -0.0002571417078343075
190 -0.0002207016438546816
191 -0.0001947732537246338
192 -0.0001915395368570216
193 -0.0001854266393195303
194 -0.0002186572587987712
195 -0.0002267463944036763
196 -0.0002124738021507255
197 -0.0001958717720071945
198 -0.0003277741317901928
199 -0.0003205320473824713
200 -0.0003101233133833148
201 -0.0002925134443501065
202 -0.0002136526636462577
203 -0.0001512806707921754
204 -0.0001310668790495129
205 1.585896454514568e-05
206 3.246098700060429e-05
207 4.485118498109841e-05
208 1.074732176675752e-05
209 6.873623895842229e-05
210 7.967674024200733e-05
211 8.607682443084741e-05
212 8.896060568019948e-05
213 8.886161207044552e-05
214 4.095639880574709e-06
215 2.577084526933504e-05
216 2.950329736961521e-05
217 2.626397314031692e-05
218 2.454441046495504e-05
219 2.469657589188046e-05
220 2.656337763085048e-05
221 2.953998456689533e-05
222 3.264476698916496e-05
223 3.502392178234004e-05
224 3.619989945491398e-05
225 3.149837391447363e-05
226 3.053115406714824e-05
227 2.849918745084778e-05
228 2.563456656901053e-05
229 2.219411130965909e-05
230 1.851311515110865e-05
231 1.493559909704345e-05
232 1.174763460198847e-05
233 9.004712538285276e-06
234 6.770297133584791e-06
235 3.483337287946142e-05
236 2.684913813766343e-05
237 1.820537089258778e-05
238 1.407997147850892e-05
239 1.101334619590943e-05
240 8.695015921489357e-06
241 6.86715841879959e-06
242 5.387155013636402e-06
243 4.132376020038464e-06
244 3.07093115736734e-06
245 2.171027162489736e-06
246 1.403232772645424e-06
247 7.764440397295402e-07
248 2.75024987672623e-07
249 -1.078765308193397e-07
250 -3.812176174733395e-07
251 -5.607945183783158e-07
252 -6.657841424839717e-07
253 -7.163795601172751e-07
254 -7.269887163374733e-07
